// Jest Snapshot v1, https://goo.gl/fbAQLP

exports[`<LoginForm /> should display login form, with initial username and password by default 1`] = `
<ContextConsumer>
  <Component />
</ContextConsumer>
`;
